-----------------------------------------------------------
tensor_info_1 attributes:
node name =  Default/network-WithLossCell/_backbone-AlexNet/conv3-Conv2d/Conv2D-op318
slot =  0
iteration =  2
device_id =  None
root_graph_id =  0
is_parameter =  False

tensor_data_1 attributes:
data (printed in uint8) =  []
size in bytes =  0
debugger dtype =  0
shape =  []
