-----------------------------------------------------------
tensor_info_1 attributes:
node name =  Default/CudnnUniformReal-op390
slot =  0
iteration =  0
rank_id =  0
root_graph_id =  0
is_output =  False

tensor_data_1 attributes:
data (printed in uint8) =  []
size in bytes =  0
debugger dtype =  0
shape =  []
-----------------------------------------------------------
tensor_info_2 attributes:
node name =  Gradients/Default/network-WithLossCell/_backbone-AlexNet/gradReLU/ReluGradV2-op406
slot =  1
iteration =  0
rank_id =  0
root_graph_id =  0
is_output =  False

tensor_data_2 attributes:
data (printed in uint8) =  []
size in bytes =  0
debugger dtype =  0
shape =  []
